
C:\Users\yuri58381686\Downloads\sistema-escalas\backend>if "Windows_NT" == "Windows_NT" setlocal

C:\Users\yuri58381686\Downloads\sistema-escalas\backend>set DIRNAME=C:\Users\yuri58381686\Downloads\sistema-escalas\backend\ 

C:\Users\yuri58381686\Downloads\sistema-escalas\backend>if "C:\Users\yuri58381686\Downloads\sistema-escalas\backend\" == "" set DIRNAME=. 

C:\Users\yuri58381686\Downloads\sistema-escalas\backend>set APP_BASE_NAME=gradlew 

C:\Users\yuri58381686\Downloads\sistema-escalas\backend>set APP_HOME=C:\Users\yuri58381686\Downloads\sistema-escalas\backend\ 

C:\Users\yuri58381686\Downloads\sistema-escalas\backend>for %i in ("C:\Users\yuri58381686\Downloads\sistema-escalas\backend\") do set APP_HOME=%~fi 

C:\Users\yuri58381686\Downloads\sistema-escalas\backend>set APP_HOME=C:\Users\yuri58381686\Downloads\sistema-escalas\backend\ 

C:\Users\yuri58381686\Downloads\sistema-escalas\backend>set DEFAULT_JVM_OPTS="-Xmx64m" "-Xms64m" 

C:\Users\yuri58381686\Downloads\sistema-escalas\backend>if defined JAVA_HOME goto findJavaFromJavaHome 

C:\Users\yuri58381686\Downloads\sistema-escalas\backend>set JAVA_HOME=C:\Program Files\Java\jdk-20  

C:\Users\yuri58381686\Downloads\sistema-escalas\backend>set JAVA_EXE=C:\Program Files\Java\jdk-20 /bin/java.exe 

C:\Users\yuri58381686\Downloads\sistema-escalas\backend>if exist "C:\Program Files\Java\jdk-20 /bin/java.exe" goto execute 

C:\Users\yuri58381686\Downloads\sistema-escalas\backend>echo.  1>&2 

C:\Users\yuri58381686\Downloads\sistema-escalas\backend>echo ERROR: JAVA_HOME is set to an invalid directory: C:\Program Files\Java\jdk-20   1>&2 

C:\Users\yuri58381686\Downloads\sistema-escalas\backend>echo.  1>&2 

C:\Users\yuri58381686\Downloads\sistema-escalas\backend>echo Please set the JAVA_HOME variable in your environment to match the  1>&2 

C:\Users\yuri58381686\Downloads\sistema-escalas\backend>echo location of your Java installation.  1>&2 

C:\Users\yuri58381686\Downloads\sistema-escalas\backend>goto fail 

C:\Users\yuri58381686\Downloads\sistema-escalas\backend>rem Set variable GRADLE_EXIT_CONSOLE if you need the _script_ return code instead of 

C:\Users\yuri58381686\Downloads\sistema-escalas\backend>rem the _cmd.exe /c_ return code! 

C:\Users\yuri58381686\Downloads\sistema-escalas\backend>set EXIT_CODE=0 

C:\Users\yuri58381686\Downloads\sistema-escalas\backend>if 0 EQU 0 set EXIT_CODE=1 

C:\Users\yuri58381686\Downloads\sistema-escalas\backend>if not "" == "" exit 1 

C:\Users\yuri58381686\Downloads\sistema-escalas\backend>exit /b 1 
